The files belonging to this database system will be owned by user "postgres".
This user must also own the server process.

The database cluster will be initialized with locale "en_US.utf8".
The default database encoding has accordingly been set to "UTF8".
The default text search configuration will be set to "english".

Data page checksums are enabled.

fixing permissions on existing directory /var/lib/postgresql/18/docker ... ok
creating subdirectories ... ok
selecting dynamic shared memory implementation ... posix
selecting default "max_connections" ... 100
selecting default "shared_buffers" ... 128MB
selecting default time zone ... UTC
creating configuration files ... ok
running bootstrap script ... ok
sh: locale: not found
2026-08-30 10:35:33.368 UTC [45] WARNING:  no usable system locales were found
performing post-bootstrap initialization ... ok
syncing data to disk ... ok


Success. You can now start the database server using:

    pg_ctl -D /var/lib/postgresql/18/docker -l logfile start

initdb: warning: enabling "trust" authentication for local connections
initdb: hint: You can change this by editing pg_hba.conf or using the option -A, or --auth-local and --auth-host, the next time you run initdb.
waiting for server to start....2026-08-30 10:35:34.310 UTC [57] LOG:  starting PostgreSQL 18.6 on aarch64-unknown-linux-musl, compiled by gcc (Alpine 15.2.0) 15.2.0, 64-bit
2026-08-30 10:35:34.313 UTC [57] LOG:  listening on Unix socket "/var/run/postgresql/.s.PGSQL.5432"
2026-08-30 10:35:34.325 UTC [63] LOG:  database system was shut down at 2026-08-30 10:35:33 UTC
2026-08-30 10:35:34.331 UTC [57] LOG:  database system is ready to accept connections
 done
server started
CREATE DATABASE


/usr/local/bin/docker-entrypoint.sh: ignoring /docker-entrypoint-initdb.d/*

waiting for server to shut down....2026-08-30 10:35:34.583 UTC [57] LOG:  received fast shutdown request
2026-08-30 10:35:34.586 UTC [57] LOG:  aborting any active transactions
2026-08-30 10:35:34.588 UTC [57] LOG:  background worker "logical replication launcher" (PID 66) exited with exit code 1
2026-08-30 10:35:34.589 UTC [61] LOG:  shutting down
2026-08-30 10:35:34.591 UTC [61] LOG:  checkpoint starting: shutdown immediate
2026-08-30 10:35:34.689 UTC [61] LOG:  checkpoint complete: wrote 943 buffers (5.8%), wrote 3 SLRU buffers; 0 WAL file(s) added, 0 removed, 0 recycled; write=0.033 s, sync=0.060 s, total=0.100 s; sync files=303, longest=0.010 s, average=0.001 s; distance=4362 kB, estimate=4362 kB; lsn=0/1BA8888, redo lsn=0/1BA8888
2026-08-30 10:35:34.710 UTC [57] LOG:  database system is shut down
 done
server stopped

PostgreSQL init process complete; ready for start up.

2026-08-30 10:35:34.834 UTC [1] LOG:  starting PostgreSQL 18.6 on aarch64-unknown-linux-musl, compiled by gcc (Alpine 15.2.0) 15.2.0, 64-bit
2026-08-30 10:35:34.835 UTC [1] LOG:  listening on IPv4 address "0.0.0.0", port 5432
2026-08-30 10:35:34.835 UTC [1] LOG:  listening on IPv6 address "::", port 5432
2026-08-30 10:35:34.840 UTC [1] LOG:  listening on Unix socket "/var/run/postgresql/.s.PGSQL.5432"
2026-08-30 10:35:34.844 UTC [79] LOG:  database system was shut down at 2026-08-30 10:35:34 UTC
2026-08-30 10:35:34.849 UTC [1] LOG:  database system is ready to accept connections
2026-08-30 10:35:37.939 UTC [117] ERROR:  new row violates row-level security policy for table "orders"
2026-08-30 10:35:37.939 UTC [117] STATEMENT:  INSERT INTO orders(tenant_id, occurred_at, status, quantity, unit_cents)
	               VALUES (2, DATE '2026-02-20', 'open', 1, 500)
